=== Headless Smoke Suite ===
Command: bash /home/sloppymo/Documents/man-at-arms/man-at-arms/godot-project/scripts/run_headless_smoke.sh
Started: 2026-02-21T02:19:25Z
Using Godot command: flatpak run org.godotengine.Godot --headless --path /home/sloppymo/Documents/man-at-arms/man-at-arms/godot-project
=== Cleanup Save File ===
Godot Engine v4.6.1.stable.flathub.14d19694e - https://godotengine.org

CleanupSaveFile: remove savegame.json err=1
[Runtime] [INFO] GameState: No save file found
[Runtime] [DEBUG] GameModes: No save file loaded on startup
[Runtime] [INFO] GameModes: Initialized - current_mode: 0
[Runtime] [INFO] GameModes: Autoload ready - current scene: NULL
[Runtime] [DEBUG] AudioManager: Created SFX player 0 in pool
[Runtime] [DEBUG] AudioManager: Created SFX player 1 in pool
[Runtime] [DEBUG] AudioManager: Created SFX player 2 in pool
[Runtime] [DEBUG] AudioManager: Created SFX player 3 in pool
[Runtime] [DEBUG] AudioManager: Created SFX player 4 in pool
[Runtime] [DEBUG] AudioManager: Created SFX player 5 in pool
[Runtime] [DEBUG] AudioManager: Created SFX player 6 in pool
[Runtime] [DEBUG] AudioManager: Created SFX player 7 in pool
[Runtime] [INFO] ParticleManager: Initialized with 28 blood particles and 12 impact particles
=== Project Startup Smoke ===
WorkerThreadPool: 16 threads, 4 max low-priority.
Godot Engine v4.6.1.stable.flathub.14d19694e - https://godotengine.org
TextServer: Added interface "Dummy"
TextServer: Added interface "ICU / HarfBuzz / Graphite (Built-in)"
Unrecognized output string "misc2" in mapping:
030000000d0f0000ab01000011010000,Horipad Steam,a:b0,b:b1,back:b10,dpdown:h0.4,dpleft:h0.8,dpright:h0.2,dpup:h0.1,guide:b12,leftshoulder:b6,leftstick:b13,lefttrigger:a5,leftx:a0,lefty:a1,misc2:b2,paddle1:b19,paddle2:b18,paddle3:b15,paddle4:b5,rightshoulder:b7,rightstick:b14,righttrigger:a4,rightx:a2,righty:a3,start:b11,x:b3,y:b4,platform:Linux,
Unrecognized output string "misc2" in mapping:
050000000d0f00009601000091000000,Horipad Steam,a:b0,b:b1,back:b10,dpdown:h0.4,dpleft:h0.8,dpright:h0.2,dpup:h0.1,guide:b12,leftshoulder:b6,leftstick:b13,lefttrigger:a5,leftx:a0,lefty:a1,misc2:b2,paddle1:b19,paddle2:b18,paddle3:b15,paddle4:b5,rightshoulder:b7,rightstick:b14,righttrigger:a4,rightx:a2,righty:a3,start:b11,x:b3,y:b4,platform:Linux,
Unrecognized output string "misc2" in mapping:
030000007e0500006920000011010000,Nintendo Switch 2 Pro Controller,a:b0,b:b1,back:b14,dpdown:b8,dpleft:b10,dpright:b9,dpup:b11,guide:b16,leftshoulder:b12,leftstick:b15,lefttrigger:b13,leftx:a0,lefty:a1~,misc1:b17,misc2:b20,paddle1:b18,paddle2:b19,rightshoulder:b4,rightstick:b7,righttrigger:b5,rightx:a2,righty:a3~,start:b6,x:b2,y:b3,platform:Linux,
SDL: Init OK!
Using "default" pen tablet driver...

TextServer: Primary interface set to: "ICU / HarfBuzz / Graphite (Built-in)".
CORE API HASH: 75400357
EDITOR API HASH: 3012763406
SceneTreeFTI: traversal method DEFAULT
Loading resource: res://addons/resource_databases/database_format_loader.gd
Loading resource: res://scripts/game_modes.gd
Loading resource: res://scripts/game_state.gd
Loading resource: res://scripts/event_bus.gd
Loading resource: res://scripts/audio_manager.gd
Loading resource: res://scripts/particle_manager.gd
Loading resource: res://assets/effects/blood_particle.png
Loading resource: res://.godot/imported/blood_particle.png-e1d78db4f39c22e1e552a72908971b20.ctex
Loaded system CA certificates
Loading resource: res://scenes/landing_scene.tscn
Loading resource: res://scenes/landing_scene.gd
Loading resource: res://assets/effects/weapon_trail.png
Loading resource: res://.godot/imported/weapon_trail.png-2bfa9842e72a025c9daa4e9af82c29a1.ctex
Loading resource: res://assets/sprites/enemy_grunt.png
Loading resource: res://.godot/imported/enemy_grunt.png-cd0d178e4af76927c058cd1e82c253e2.ctex
Loading resource: res://assets/sprites/enemy_heavy.png
Loading resource: res://.godot/imported/enemy_heavy.png-9c2fc873428d535bf0f16232f7bb9be9.ctex
Loading resource: res://assets/sprites/enemy_archer.png
Loading resource: res://.godot/imported/enemy_archer.png-9e9aec8b34b413f683653a36b8d1e5af.ctex
Loading resource: res://scenes/combat/projectile.tscn
Loading resource: res://scenes/combat/projectile.gd
Loading resource: res://scenes/combat/enemy.tscn
[Runtime] [INFO] GameState: No save file found
[Runtime] [DEBUG] GameModes: No save file loaded on startup
[Runtime] [INFO] GameModes: Initialized - current_mode: 0
[Runtime] [INFO] GameModes: Autoload ready - current scene: res://scenes/landing_scene.tscn
[Runtime] [DEBUG] AudioManager: Created SFX player 0 in pool
[Runtime] [DEBUG] AudioManager: Created SFX player 1 in pool
[Runtime] [DEBUG] AudioManager: Created SFX player 2 in pool
[Runtime] [DEBUG] AudioManager: Created SFX player 3 in pool
[Runtime] [DEBUG] AudioManager: Created SFX player 4 in pool
[Runtime] [DEBUG] AudioManager: Created SFX player 5 in pool
[Runtime] [DEBUG] AudioManager: Created SFX player 6 in pool
[Runtime] [DEBUG] AudioManager: Created SFX player 7 in pool
[Runtime] [INFO] ParticleManager: Initialized with 28 blood particles and 12 impact particles
[Runtime] [INFO] LandingScene: Initializing landing page
Loading resource: res://assets/audio/swing.wav
Loading resource: res://.godot/imported/swing.wav-794de6e16fd48d414e484bd2479a4c9c.sample
Loading resource: res://assets/audio/hit.wav
Loading resource: res://.godot/imported/hit.wav-96dc477cdf4a42f381370dba6e3f75ce.sample
Loading resource: res://assets/audio/death.wav
Loading resource: res://.godot/imported/death.wav-021a45cab225299ddf24ec88f548f45a.sample
Loading resource: res://assets/sprites/player_idle.png
Loading resource: res://.godot/imported/player_idle.png-2ffdcb49b694c96dd7c8d4f81809e4c8.ctex
Loading resource: res://assets/map.png
Loading resource: res://.godot/imported/map.png-dfba05084e3346587240e6093ee94fb2.ctex
[Runtime] [INFO] StartupValidator: Startup validation passed
XR: Clearing primary interface
XR: Removed interface "Native mobile"
XR: Removed interface "OpenXR"
=== Overworld Scene Smoke ===
WorkerThreadPool: 16 threads, 4 max low-priority.
Godot Engine v4.6.1.stable.flathub.14d19694e - https://godotengine.org
TextServer: Added interface "Dummy"
TextServer: Added interface "ICU / HarfBuzz / Graphite (Built-in)"
Unrecognized output string "misc2" in mapping:
030000000d0f0000ab01000011010000,Horipad Steam,a:b0,b:b1,back:b10,dpdown:h0.4,dpleft:h0.8,dpright:h0.2,dpup:h0.1,guide:b12,leftshoulder:b6,leftstick:b13,lefttrigger:a5,leftx:a0,lefty:a1,misc2:b2,paddle1:b19,paddle2:b18,paddle3:b15,paddle4:b5,rightshoulder:b7,rightstick:b14,righttrigger:a4,rightx:a2,righty:a3,start:b11,x:b3,y:b4,platform:Linux,
Unrecognized output string "misc2" in mapping:
050000000d0f00009601000091000000,Horipad Steam,a:b0,b:b1,back:b10,dpdown:h0.4,dpleft:h0.8,dpright:h0.2,dpup:h0.1,guide:b12,leftshoulder:b6,leftstick:b13,lefttrigger:a5,leftx:a0,lefty:a1,misc2:b2,paddle1:b19,paddle2:b18,paddle3:b15,paddle4:b5,rightshoulder:b7,rightstick:b14,righttrigger:a4,rightx:a2,righty:a3,start:b11,x:b3,y:b4,platform:Linux,
Unrecognized output string "misc2" in mapping:
030000007e0500006920000011010000,Nintendo Switch 2 Pro Controller,a:b0,b:b1,back:b14,dpdown:b8,dpleft:b10,dpright:b9,dpup:b11,guide:b16,leftshoulder:b12,leftstick:b15,lefttrigger:b13,leftx:a0,lefty:a1~,misc1:b17,misc2:b20,paddle1:b18,paddle2:b19,rightshoulder:b4,rightstick:b7,righttrigger:b5,rightx:a2,righty:a3~,start:b6,x:b2,y:b3,platform:Linux,
SDL: Init OK!
Using "default" pen tablet driver...

TextServer: Primary interface set to: "ICU / HarfBuzz / Graphite (Built-in)".
CORE API HASH: 75400357
EDITOR API HASH: 3012763406
SceneTreeFTI: traversal method DEFAULT
Loading resource: res://addons/resource_databases/database_format_loader.gd
Loading resource: res://scripts/game_modes.gd
Loading resource: res://scripts/game_state.gd
Loading resource: res://scripts/event_bus.gd
Loading resource: res://scripts/audio_manager.gd
Loading resource: res://scripts/particle_manager.gd
Loading resource: res://assets/effects/blood_particle.png
Loading resource: res://.godot/imported/blood_particle.png-e1d78db4f39c22e1e552a72908971b20.ctex
Loaded system CA certificates
Loading resource: res://scenes/overworld/overworld_scene.tscn
Loading resource: res://scenes/overworld/overworld_scene.gd
Loading resource: res://scenes/overworld/overworld_player.tscn
Loading resource: res://scenes/overworld/overworld_player.gd
Loading resource: res://assets/sprites/player_idle.png
Loading resource: res://.godot/imported/player_idle.png-2ffdcb49b694c96dd7c8d4f81809e4c8.ctex
[Runtime] [INFO] GameState: No save file found
[Runtime] [DEBUG] GameModes: No save file loaded on startup
[Runtime] [INFO] GameModes: Initialized - current_mode: 0
[Runtime] [INFO] GameModes: Autoload ready - current scene: res://scenes/overworld/overworld_scene.tscn
[Runtime] [DEBUG] AudioManager: Created SFX player 0 in pool
[Runtime] [DEBUG] AudioManager: Created SFX player 1 in pool
[Runtime] [DEBUG] AudioManager: Created SFX player 2 in pool
[Runtime] [DEBUG] AudioManager: Created SFX player 3 in pool
[Runtime] [DEBUG] AudioManager: Created SFX player 4 in pool
[Runtime] [DEBUG] AudioManager: Created SFX player 5 in pool
[Runtime] [DEBUG] AudioManager: Created SFX player 6 in pool
[Runtime] [DEBUG] AudioManager: Created SFX player 7 in pool
[Runtime] [INFO] ParticleManager: Initialized with 28 blood particles and 12 impact particles
[Runtime] [DEBUG] OverworldScene: Ready at hex { "q": 0, "r": 0 }
XR: Clearing primary interface
XR: Removed interface "Native mobile"
XR: Removed interface "OpenXR"
=== Combat Scene Smoke ===
WorkerThreadPool: 16 threads, 4 max low-priority.
Godot Engine v4.6.1.stable.flathub.14d19694e - https://godotengine.org
TextServer: Added interface "Dummy"
TextServer: Added interface "ICU / HarfBuzz / Graphite (Built-in)"
Unrecognized output string "misc2" in mapping:
030000000d0f0000ab01000011010000,Horipad Steam,a:b0,b:b1,back:b10,dpdown:h0.4,dpleft:h0.8,dpright:h0.2,dpup:h0.1,guide:b12,leftshoulder:b6,leftstick:b13,lefttrigger:a5,leftx:a0,lefty:a1,misc2:b2,paddle1:b19,paddle2:b18,paddle3:b15,paddle4:b5,rightshoulder:b7,rightstick:b14,righttrigger:a4,rightx:a2,righty:a3,start:b11,x:b3,y:b4,platform:Linux,
Unrecognized output string "misc2" in mapping:
050000000d0f00009601000091000000,Horipad Steam,a:b0,b:b1,back:b10,dpdown:h0.4,dpleft:h0.8,dpright:h0.2,dpup:h0.1,guide:b12,leftshoulder:b6,leftstick:b13,lefttrigger:a5,leftx:a0,lefty:a1,misc2:b2,paddle1:b19,paddle2:b18,paddle3:b15,paddle4:b5,rightshoulder:b7,rightstick:b14,righttrigger:a4,rightx:a2,righty:a3,start:b11,x:b3,y:b4,platform:Linux,
Unrecognized output string "misc2" in mapping:
030000007e0500006920000011010000,Nintendo Switch 2 Pro Controller,a:b0,b:b1,back:b14,dpdown:b8,dpleft:b10,dpright:b9,dpup:b11,guide:b16,leftshoulder:b12,leftstick:b15,lefttrigger:b13,leftx:a0,lefty:a1~,misc1:b17,misc2:b20,paddle1:b18,paddle2:b19,rightshoulder:b4,rightstick:b7,righttrigger:b5,rightx:a2,righty:a3~,start:b6,x:b2,y:b3,platform:Linux,
SDL: Init OK!
Using "default" pen tablet driver...

TextServer: Primary interface set to: "ICU / HarfBuzz / Graphite (Built-in)".
CORE API HASH: 75400357
EDITOR API HASH: 3012763406
SceneTreeFTI: traversal method DEFAULT
Loading resource: res://addons/resource_databases/database_format_loader.gd
Loading resource: res://scripts/game_modes.gd
Loading resource: res://scripts/game_state.gd
Loading resource: res://scripts/event_bus.gd
Loading resource: res://scripts/audio_manager.gd
Loading resource: res://scripts/particle_manager.gd
Loading resource: res://assets/effects/blood_particle.png
Loading resource: res://.godot/imported/blood_particle.png-e1d78db4f39c22e1e552a72908971b20.ctex
Loaded system CA certificates
Loading resource: res://scenes/combat/combat_scene.tscn
Loading resource: res://scenes/combat/player.tscn
Loading resource: res://scenes/combat/player.gd
Loading resource: res://assets/effects/weapon_trail.png
Loading resource: res://.godot/imported/weapon_trail.png-2bfa9842e72a025c9daa4e9af82c29a1.ctex
Loading resource: res://assets/sprites/enemy_grunt.png
Loading resource: res://.godot/imported/enemy_grunt.png-cd0d178e4af76927c058cd1e82c253e2.ctex
Loading resource: res://assets/sprites/enemy_heavy.png
Loading resource: res://.godot/imported/enemy_heavy.png-9c2fc873428d535bf0f16232f7bb9be9.ctex
Loading resource: res://assets/sprites/enemy_archer.png
Loading resource: res://.godot/imported/enemy_archer.png-9e9aec8b34b413f683653a36b8d1e5af.ctex
Loading resource: res://scenes/combat/projectile.tscn
Loading resource: res://scenes/combat/projectile.gd
Loading resource: res://scenes/combat/enemy.tscn
Loading resource: res://assets/sprites/player_idle.png
Loading resource: res://.godot/imported/player_idle.png-2ffdcb49b694c96dd7c8d4f81809e4c8.ctex
[Runtime] [INFO] GameState: No save file found
[Runtime] [DEBUG] GameModes: No save file loaded on startup
[Runtime] [INFO] GameModes: Initialized - current_mode: 0
[Runtime] [INFO] GameModes: Autoload ready - current scene: res://scenes/combat/combat_scene.tscn
[Runtime] [DEBUG] AudioManager: Created SFX player 0 in pool
[Runtime] [DEBUG] AudioManager: Created SFX player 1 in pool
[Runtime] [DEBUG] AudioManager: Created SFX player 2 in pool
[Runtime] [DEBUG] AudioManager: Created SFX player 3 in pool
[Runtime] [DEBUG] AudioManager: Created SFX player 4 in pool
[Runtime] [DEBUG] AudioManager: Created SFX player 5 in pool
[Runtime] [DEBUG] AudioManager: Created SFX player 6 in pool
[Runtime] [DEBUG] AudioManager: Created SFX player 7 in pool
[Runtime] [INFO] ParticleManager: Initialized with 28 blood particles and 12 impact particles
Loading resource: res://assets/map.png
Loading resource: res://.godot/imported/map.png-dfba05084e3346587240e6093ee94fb2.ctex
XR: Clearing primary interface
XR: Removed interface "Native mobile"
XR: Removed interface "OpenXR"
=== Dialogue Scene Smoke ===
WorkerThreadPool: 16 threads, 4 max low-priority.
Godot Engine v4.6.1.stable.flathub.14d19694e - https://godotengine.org
TextServer: Added interface "Dummy"
TextServer: Added interface "ICU / HarfBuzz / Graphite (Built-in)"
Unrecognized output string "misc2" in mapping:
030000000d0f0000ab01000011010000,Horipad Steam,a:b0,b:b1,back:b10,dpdown:h0.4,dpleft:h0.8,dpright:h0.2,dpup:h0.1,guide:b12,leftshoulder:b6,leftstick:b13,lefttrigger:a5,leftx:a0,lefty:a1,misc2:b2,paddle1:b19,paddle2:b18,paddle3:b15,paddle4:b5,rightshoulder:b7,rightstick:b14,righttrigger:a4,rightx:a2,righty:a3,start:b11,x:b3,y:b4,platform:Linux,
Unrecognized output string "misc2" in mapping:
050000000d0f00009601000091000000,Horipad Steam,a:b0,b:b1,back:b10,dpdown:h0.4,dpleft:h0.8,dpright:h0.2,dpup:h0.1,guide:b12,leftshoulder:b6,leftstick:b13,lefttrigger:a5,leftx:a0,lefty:a1,misc2:b2,paddle1:b19,paddle2:b18,paddle3:b15,paddle4:b5,rightshoulder:b7,rightstick:b14,righttrigger:a4,rightx:a2,righty:a3,start:b11,x:b3,y:b4,platform:Linux,
Unrecognized output string "misc2" in mapping:
030000007e0500006920000011010000,Nintendo Switch 2 Pro Controller,a:b0,b:b1,back:b14,dpdown:b8,dpleft:b10,dpright:b9,dpup:b11,guide:b16,leftshoulder:b12,leftstick:b15,lefttrigger:b13,leftx:a0,lefty:a1~,misc1:b17,misc2:b20,paddle1:b18,paddle2:b19,rightshoulder:b4,rightstick:b7,righttrigger:b5,rightx:a2,righty:a3~,start:b6,x:b2,y:b3,platform:Linux,
SDL: Init OK!
Using "default" pen tablet driver...

TextServer: Primary interface set to: "ICU / HarfBuzz / Graphite (Built-in)".
CORE API HASH: 75400357
EDITOR API HASH: 3012763406
SceneTreeFTI: traversal method DEFAULT
Loading resource: res://addons/resource_databases/database_format_loader.gd
Loading resource: res://scripts/game_modes.gd
Loading resource: res://scripts/game_state.gd
Loading resource: res://scripts/event_bus.gd
Loading resource: res://scripts/audio_manager.gd
Loading resource: res://scripts/particle_manager.gd
Loading resource: res://assets/effects/blood_particle.png
Loading resource: res://.godot/imported/blood_particle.png-e1d78db4f39c22e1e552a72908971b20.ctex
Loaded system CA certificates
Loading resource: res://scenes/dialogue/town_square.tscn
Loading resource: res://scenes/dialogue/dialogue_base.tscn
Loading resource: res://scenes/dialogue/dialogue_base.gd
Loading resource: res://scenes/dialogue/town_square.gd
[Runtime] [INFO] GameState: No save file found
[Runtime] [DEBUG] GameModes: No save file loaded on startup
[Runtime] [INFO] GameModes: Initialized - current_mode: 0
[Runtime] [INFO] GameModes: Autoload ready - current scene: res://scenes/dialogue/town_square.tscn
[Runtime] [DEBUG] AudioManager: Created SFX player 0 in pool
[Runtime] [DEBUG] AudioManager: Created SFX player 1 in pool
[Runtime] [DEBUG] AudioManager: Created SFX player 2 in pool
[Runtime] [DEBUG] AudioManager: Created SFX player 3 in pool
[Runtime] [DEBUG] AudioManager: Created SFX player 4 in pool
[Runtime] [DEBUG] AudioManager: Created SFX player 5 in pool
[Runtime] [DEBUG] AudioManager: Created SFX player 6 in pool
[Runtime] [DEBUG] AudioManager: Created SFX player 7 in pool
[Runtime] [INFO] ParticleManager: Initialized with 28 blood particles and 12 impact particles
[Runtime] [INFO] DialogueBase: Initializing dialogue scene for town_square
[Runtime] [DEBUG] DialogueBase: Showing text: You arrive in the bustling town square. Merchants hawk their wares and townsfolk go about their business. A notice board catches your eye with various postings.
XR: Clearing primary interface
XR: Removed interface "Native mobile"
XR: Removed interface "OpenXR"
=== Transition Smoke Harness ===
Godot Engine v4.6.1.stable.flathub.14d19694e - https://godotengine.org

[Runtime] [INFO] GameState: No save file found
[Runtime] [DEBUG] GameModes: No save file loaded on startup
[Runtime] [INFO] GameModes: Initialized - current_mode: 0
[Runtime] [INFO] GameModes: Autoload ready - current scene: NULL
[Runtime] [DEBUG] AudioManager: Created SFX player 0 in pool
[Runtime] [DEBUG] AudioManager: Created SFX player 1 in pool
[Runtime] [DEBUG] AudioManager: Created SFX player 2 in pool
[Runtime] [DEBUG] AudioManager: Created SFX player 3 in pool
[Runtime] [DEBUG] AudioManager: Created SFX player 4 in pool
[Runtime] [DEBUG] AudioManager: Created SFX player 5 in pool
[Runtime] [DEBUG] AudioManager: Created SFX player 6 in pool
[Runtime] [DEBUG] AudioManager: Created SFX player 7 in pool
[Runtime] [INFO] ParticleManager: Initialized with 28 blood particles and 12 impact particles
[Runtime] [DEBUG] GameModes: Attempting transition from 10 (Loading) to 3 (Camp)
[Runtime] [DEBUG] GameModes: Call stack: [{ "source": "res://scripts/game_modes.gd", "function": "set_mode", "line": 76 }, { "source": "res://scripts/transition_smoke_test.gd", "function": "_test_queue_latest_transition", "line": 28 }, { "source": "res://scripts/transition_smoke_test.gd", "function": "_run", "line": 18 }, { "source": "res://scripts/transition_smoke_test.gd", "function": "_wait_frames", "line": 85 }]
[Runtime] [INFO] GameState: Game saved successfully
[Runtime] [DEBUG] GameModes: Auto-saved on mode transition to Camp
[Runtime] [DEBUG] GameModes: Attempting transition from 3 (Camp) to 4 (Equipment)
[Runtime] [DEBUG] GameModes: Call stack: [{ "source": "res://scripts/game_modes.gd", "function": "set_mode", "line": 76 }, { "source": "res://scripts/transition_smoke_test.gd", "function": "_test_queue_latest_transition", "line": 29 }, { "source": "res://scripts/transition_smoke_test.gd", "function": "_run", "line": 18 }, { "source": "res://scripts/transition_smoke_test.gd", "function": "_wait_frames", "line": 85 }]
[Runtime] [DEBUG] GameModes: Queued transition to Equipment (force=true, dialogue_scene='')
[Runtime] [INFO] GameModes: Camp mode scene not implemented yet
[Runtime] [DEBUG] GameModes: Attempting transition from 3 (Camp) to 4 (Equipment)
[Runtime] [DEBUG] GameModes: Call stack: [{ "source": "res://scripts/game_modes.gd", "function": "set_mode", "line": 76 }, { "source": "res://scripts/game_modes.gd", "function": "_apply_queued_transition", "line": 247 }]
[Runtime] [INFO] GameState: Game saved successfully
[Runtime] [DEBUG] GameModes: Auto-saved on mode transition to Equipment
[Runtime] [INFO] GameModes: Equipment mode scene not implemented yet
[Runtime] [DEBUG] GameModes: Attempting transition from 6 (Overworld) to 2 (Dialogue)
[Runtime] [DEBUG] GameModes: Call stack: [{ "source": "res://scripts/game_modes.gd", "function": "set_mode", "line": 76 }, { "source": "res://scripts/transition_smoke_test.gd", "function": "_test_dialogue_round_trip", "line": 51 }, { "source": "res://scripts/transition_smoke_test.gd", "function": "_run", "line": 20 }, { "source": "res://scripts/transition_smoke_test.gd", "function": "_test_queue_latest_transition", "line": 33 }, { "source": "res://scripts/transition_smoke_test.gd", "function": "_wait_frames", "line": 85 }]
[Runtime] [INFO] GameState: Game saved successfully
[Runtime] [DEBUG] GameModes: Auto-saved on mode transition to Dialogue
[Runtime] [INFO] DialogueBase: Initializing dialogue scene for town_square
[Runtime] [DEBUG] DialogueBase: Showing text: You arrive in the bustling town square. Merchants hawk their wares and townsfolk go about their business. A notice board catches your eye with various postings.
[Runtime] [INFO] DialogueBase: Exiting dialogue, returning to overworld
[Runtime] [DEBUG] GameModes: Attempting transition from 2 (Dialogue) to 6 (Overworld)
[Runtime] [DEBUG] GameModes: Call stack: [{ "source": "res://scripts/game_modes.gd", "function": "set_mode", "line": 76 }, { "source": "res://scenes/dialogue/dialogue_base.gd", "function": "_on_exit_pressed", "line": 78 }, { "source": "res://scripts/transition_smoke_test.gd", "function": "_test_dialogue_round_trip", "line": 60 }, { "source": "res://scripts/transition_smoke_test.gd", "function": "_wait_for_scene", "line": 79 }]
[Runtime] [INFO] GameState: Game saved successfully
[Runtime] [DEBUG] GameModes: Auto-saved on mode transition to Overworld
[Runtime] [DEBUG] OverworldScene: Ready at hex { "q": 0, "r": 0 }
[Runtime] [DEBUG] GameModes: Attempting transition from 6 (Overworld) to 7 (Combat)
[Runtime] [DEBUG] GameModes: Call stack: [{ "source": "res://scripts/game_modes.gd", "function": "set_mode", "line": 76 }, { "source": "res://scripts/transition_smoke_test.gd", "function": "_test_dialogue_round_trip", "line": 69 }, { "source": "res://scripts/transition_smoke_test.gd", "function": "_wait_for_scene", "line": 79 }]
[Runtime] [INFO] GameState: Game saved successfully
[Runtime] [DEBUG] GameModes: Auto-saved on mode transition to Combat
TransitionSmokeTest: PASS
=== Overworld Edge Harness ===
Godot Engine v4.6.1.stable.flathub.14d19694e - https://godotengine.org

[Runtime] [INFO] GameState: No save file found
[Runtime] [DEBUG] GameModes: No save file loaded on startup
[Runtime] [INFO] GameModes: Initialized - current_mode: 0
[Runtime] [INFO] GameModes: Autoload ready - current scene: NULL
[Runtime] [DEBUG] AudioManager: Created SFX player 0 in pool
[Runtime] [DEBUG] AudioManager: Created SFX player 1 in pool
[Runtime] [DEBUG] AudioManager: Created SFX player 2 in pool
[Runtime] [DEBUG] AudioManager: Created SFX player 3 in pool
[Runtime] [DEBUG] AudioManager: Created SFX player 4 in pool
[Runtime] [DEBUG] AudioManager: Created SFX player 5 in pool
[Runtime] [DEBUG] AudioManager: Created SFX player 6 in pool
[Runtime] [DEBUG] AudioManager: Created SFX player 7 in pool
[Runtime] [INFO] ParticleManager: Initialized with 28 blood particles and 12 impact particles
[Runtime] [DEBUG] GameModes: Attempting transition from 0 (Title) to 6 (Overworld)
[Runtime] [DEBUG] GameModes: Call stack: [{ "source": "res://scripts/game_modes.gd", "function": "set_mode", "line": 76 }, { "source": "res://scripts/overworld_transition_edge_tests.gd", "function": "_run", "line": 20 }, { "source": "res://scripts/overworld_transition_edge_tests.gd", "function": "_wait_frames", "line": 106 }]
[Runtime] [INFO] GameState: Game saved successfully
[Runtime] [DEBUG] GameModes: Auto-saved on mode transition to Overworld
[Runtime] [DEBUG] OverworldScene: Ready at hex { "q": 0, "r": 0 }
[Runtime] [DEBUG] GameModes: Attempting transition from 6 (Overworld) to 2 (Dialogue)
[Runtime] [DEBUG] GameModes: Call stack: [{ "source": "res://scripts/game_modes.gd", "function": "set_mode", "line": 76 }, { "source": "res://scenes/overworld/overworld_scene.gd", "function": "trigger_hotspot", "line": 187 }, { "source": "res://scenes/overworld/overworld_scene.gd", "function": "check_hotspots", "line": 174 }, { "source": "res://scripts/overworld_transition_edge_tests.gd", "function": "_test_hotspot_dialogue_return", "line": 42 }, { "source": "res://scripts/overworld_transition_edge_tests.gd", "function": "_run", "line": 28 }, { "source": "res://scripts/overworld_transition_edge_tests.gd", "function": "_wait_for_scene", "line": 100 }]
[Runtime] [INFO] GameState: Game saved successfully
[Runtime] [DEBUG] GameModes: Auto-saved on mode transition to Dialogue
[Runtime] [INFO] DialogueBase: Initializing dialogue scene for town_square
[Runtime] [DEBUG] DialogueBase: Showing text: You arrive in the bustling town square. Merchants hawk their wares and townsfolk go about their business. A notice board catches your eye with various postings.
[Runtime] [INFO] DialogueBase: Exiting dialogue, returning to overworld
[Runtime] [DEBUG] GameModes: Attempting transition from 2 (Dialogue) to 6 (Overworld)
[Runtime] [DEBUG] GameModes: Call stack: [{ "source": "res://scripts/game_modes.gd", "function": "set_mode", "line": 76 }, { "source": "res://scenes/dialogue/dialogue_base.gd", "function": "_on_exit_pressed", "line": 78 }, { "source": "res://scripts/overworld_transition_edge_tests.gd", "function": "_test_hotspot_dialogue_return", "line": 53 }, { "source": "res://scripts/overworld_transition_edge_tests.gd", "function": "_wait_for_scene", "line": 100 }]
[Runtime] [INFO] GameState: Game saved successfully
[Runtime] [DEBUG] GameModes: Auto-saved on mode transition to Overworld
[Runtime] [DEBUG] OverworldScene: Ready at hex { "q": 0, "r": 0 }
[Runtime] [DEBUG] GameModes: Attempting transition from 6 (Overworld) to 7 (Combat)
[Runtime] [DEBUG] GameModes: Call stack: [{ "source": "res://scripts/game_modes.gd", "function": "set_mode", "line": 76 }, { "source": "res://scenes/overworld/overworld_scene.gd", "function": "trigger_combat_encounter", "line": 146 }, { "source": "res://scripts/overworld_transition_edge_tests.gd", "function": "_test_direct_encounter_trigger", "line": 92 }, { "source": "res://scripts/overworld_transition_edge_tests.gd", "function": "_run", "line": 30 }, { "source": "res://scripts/overworld_transition_edge_tests.gd", "function": "_test_combat_result_return_flow", "line": 84 }, { "source": "res://scripts/overworld_transition_edge_tests.gd", "function": "_wait_frames", "line": 106 }]
[Runtime] [INFO] GameState: Game saved successfully
[Runtime] [DEBUG] GameModes: Auto-saved on mode transition to Combat
OverworldTransitionEdgeTests: PASS
=== Combat Lifecycle Harness ===
Godot Engine v4.6.1.stable.flathub.14d19694e - https://godotengine.org

[Runtime] [INFO] GameState: No save file found
[Runtime] [DEBUG] GameModes: No save file loaded on startup
[Runtime] [INFO] GameModes: Initialized - current_mode: 0
[Runtime] [INFO] GameModes: Autoload ready - current scene: NULL
[Runtime] [DEBUG] AudioManager: Created SFX player 0 in pool
[Runtime] [DEBUG] AudioManager: Created SFX player 1 in pool
[Runtime] [DEBUG] AudioManager: Created SFX player 2 in pool
[Runtime] [DEBUG] AudioManager: Created SFX player 3 in pool
[Runtime] [DEBUG] AudioManager: Created SFX player 4 in pool
[Runtime] [DEBUG] AudioManager: Created SFX player 5 in pool
[Runtime] [DEBUG] AudioManager: Created SFX player 6 in pool
[Runtime] [DEBUG] AudioManager: Created SFX player 7 in pool
[Runtime] [INFO] ParticleManager: Initialized with 28 blood particles and 12 impact particles
[Runtime] [DEBUG] GameModes: Attempting transition from 0 (Title) to 7 (Combat)
[Runtime] [DEBUG] GameModes: Call stack: [{ "source": "res://scripts/game_modes.gd", "function": "set_mode", "line": 76 }, { "source": "res://scripts/combat_lifecycle_smoke_test.gd", "function": "_enter_scene_mode", "line": 105 }, { "source": "res://scripts/combat_lifecycle_smoke_test.gd", "function": "_test_defeat_flow", "line": 39 }, { "source": "res://scripts/combat_lifecycle_smoke_test.gd", "function": "_run", "line": 26 }, { "source": "res://scripts/combat_lifecycle_smoke_test.gd", "function": "_wait_frames", "line": 126 }]
[Runtime] [INFO] GameState: Game saved successfully
[Runtime] [DEBUG] GameModes: Auto-saved on mode transition to Combat
[Runtime] [DEBUG] GameModes: Attempting transition from 7 (Combat) to 8 (Death)
[Runtime] [DEBUG] GameModes: Call stack: [{ "source": "res://scripts/game_modes.gd", "function": "set_mode", "line": 76 }, { "source": "res://scenes/combat/combat_scene.gd", "function": "end_combat", "line": 488 }, { "source": "res://scenes/combat/combat_scene.gd", "function": "_on_player_died", "line": 545 }, { "source": "res://scenes/combat/player.gd", "function": "die", "line": 987 }, { "source": "res://scripts/combat_lifecycle_smoke_test.gd", "function": "_test_defeat_flow", "line": 59 }, { "source": "res://scripts/combat_lifecycle_smoke_test.gd", "function": "_enter_scene_mode", "line": 109 }, { "source": "res://scripts/combat_lifecycle_smoke_test.gd", "function": "_wait_for_scene", "line": 120 }]
[Runtime] [INFO] GameState: Game saved successfully
[Runtime] [DEBUG] GameModes: Auto-saved on mode transition to Death
[Runtime] [DEBUG] GameModes: Attempting transition from 8 (Death) to 6 (Overworld)
[Runtime] [DEBUG] GameModes: Call stack: [{ "source": "res://scripts/game_modes.gd", "function": "set_mode", "line": 76 }, { "source": "res://scripts/combat_lifecycle_smoke_test.gd", "function": "_enter_scene_mode", "line": 105 }, { "source": "res://scripts/combat_lifecycle_smoke_test.gd", "function": "_test_victory_flow", "line": 77 }, { "source": "res://scripts/combat_lifecycle_smoke_test.gd", "function": "_run", "line": 27 }, { "source": "res://scripts/combat_lifecycle_smoke_test.gd", "function": "_test_defeat_flow", "line": 71 }, { "source": "res://scripts/combat_lifecycle_smoke_test.gd", "function": "_wait_frames", "line": 126 }]
[Runtime] [INFO] GameState: Game saved successfully
[Runtime] [DEBUG] GameModes: Auto-saved on mode transition to Overworld
[Runtime] [DEBUG] OverworldScene: Ready at hex { "q": 0, "r": 0 }
[Runtime] [DEBUG] GameModes: Attempting transition from 6 (Overworld) to 7 (Combat)
[Runtime] [DEBUG] GameModes: Call stack: [{ "source": "res://scripts/game_modes.gd", "function": "set_mode", "line": 76 }, { "source": "res://scripts/combat_lifecycle_smoke_test.gd", "function": "_enter_scene_mode", "line": 105 }, { "source": "res://scripts/combat_lifecycle_smoke_test.gd", "function": "_test_victory_flow", "line": 82 }, { "source": "res://scripts/combat_lifecycle_smoke_test.gd", "function": "_enter_scene_mode", "line": 109 }, { "source": "res://scripts/combat_lifecycle_smoke_test.gd", "function": "_wait_for_scene", "line": 120 }]
[Runtime] [INFO] GameState: Game saved successfully
[Runtime] [DEBUG] GameModes: Auto-saved on mode transition to Combat
[Runtime] [DEBUG] GameModes: Attempting transition from 7 (Combat) to 6 (Overworld)
[Runtime] [DEBUG] GameModes: Call stack: [{ "source": "res://scripts/game_modes.gd", "function": "set_mode", "line": 76 }, { "source": "res://scenes/combat/combat_scene.gd", "function": "end_combat", "line": 486 }, { "source": "res://scripts/combat_lifecycle_smoke_test.gd", "function": "_test_victory_flow", "line": 92 }, { "source": "res://scripts/combat_lifecycle_smoke_test.gd", "function": "_enter_scene_mode", "line": 109 }, { "source": "res://scripts/combat_lifecycle_smoke_test.gd", "function": "_wait_for_scene", "line": 120 }]
[Runtime] [INFO] GameState: Game saved successfully
[Runtime] [DEBUG] GameModes: Auto-saved on mode transition to Overworld
[Runtime] [DEBUG] OverworldScene: Ready at hex { "q": 0, "r": 0 }
CombatLifecycleSmokeTest: PASS
All headless smoke checks passed.
